// Jest Snapshot v1, https://goo.gl/fbAQLP

exports[`Info should match snapshot 1`] = `
ShallowWrapper {
  Symbol(enzyme.__root__): [Circular],
  Symbol(enzyme.__unrendered__): <SignIn />,
  Symbol(enzyme.__renderer__): Object {
    "batchedUpdates": [Function],
    "getNode": [Function],
    "render": [Function],
    "simulateError": [Function],
    "simulateEvent": [Function],
    "unmount": [Function],
  },
  Symbol(enzyme.__node__): Object {
    "instance": null,
    "key": undefined,
    "nodeType": "host",
    "props": Object {
      "children": <e
        firebaseAuth={
          Object {
            "apiKey": "AIzaSyCOPftNFUOFLFm0alfd8hswAh9kF-wojsc",
            "appName": "[DEFAULT]",
            "authDomain": "summit-register-dad45.firebaseapp.com",
            "currentUser": null,
          }
        }
        uiConfig={
          Object {
            "callbacks": Object {
              "signInSuccessWithAuthResult": [Function],
            },
            "signInFlow": "popup",
            "signInOptions": Array [
              "google.com",
              "password",
            ],
          }
        }
      />,
      "className": "SignIn",
    },
    "ref": null,
    "rendered": Object {
      "instance": null,
      "key": undefined,
      "nodeType": "class",
      "props": Object {
        "firebaseAuth": Object {
          "apiKey": "AIzaSyCOPftNFUOFLFm0alfd8hswAh9kF-wojsc",
          "appName": "[DEFAULT]",
          "authDomain": "summit-register-dad45.firebaseapp.com",
          "currentUser": null,
        },
        "uiConfig": Object {
          "callbacks": Object {
            "signInSuccessWithAuthResult": [Function],
          },
          "signInFlow": "popup",
          "signInOptions": Array [
            "google.com",
            "password",
          ],
        },
      },
      "ref": null,
      "rendered": null,
      "type": [Function],
    },
    "type": "div",
  },
  Symbol(enzyme.__nodes__): Array [
    Object {
      "instance": null,
      "key": undefined,
      "nodeType": "host",
      "props": Object {
        "children": <e
          firebaseAuth={
            Object {
              "apiKey": "AIzaSyCOPftNFUOFLFm0alfd8hswAh9kF-wojsc",
              "appName": "[DEFAULT]",
              "authDomain": "summit-register-dad45.firebaseapp.com",
              "currentUser": null,
            }
          }
          uiConfig={
            Object {
              "callbacks": Object {
                "signInSuccessWithAuthResult": [Function],
              },
              "signInFlow": "popup",
              "signInOptions": Array [
                "google.com",
                "password",
              ],
            }
          }
        />,
        "className": "SignIn",
      },
      "ref": null,
      "rendered": Object {
        "instance": null,
        "key": undefined,
        "nodeType": "class",
        "props": Object {
          "firebaseAuth": Object {
            "apiKey": "AIzaSyCOPftNFUOFLFm0alfd8hswAh9kF-wojsc",
            "appName": "[DEFAULT]",
            "authDomain": "summit-register-dad45.firebaseapp.com",
            "currentUser": null,
          },
          "uiConfig": Object {
            "callbacks": Object {
              "signInSuccessWithAuthResult": [Function],
            },
            "signInFlow": "popup",
            "signInOptions": Array [
              "google.com",
              "password",
            ],
          },
        },
        "ref": null,
        "rendered": null,
        "type": [Function],
      },
      "type": "div",
    },
  ],
  Symbol(enzyme.__options__): Object {
    "adapter": ReactSixteenAdapter {
      "options": Object {
        "enableComponentDidUpdateOnSetState": true,
        "lifecycles": Object {
          "componentDidUpdate": Object {
            "onSetState": true,
          },
          "getDerivedStateFromProps": true,
          "getSnapshotBeforeUpdate": true,
          "setState": Object {
            "skipsComponentDidUpdateOnNullish": true,
          },
        },
      },
    },
  },
}
`;
