// Jest Snapshot v1, https://goo.gl/fbAQLP

exports[`Header should match snapshot 1`] = `
ShallowWrapper {
  Symbol(enzyme.__root__): [Circular],
  Symbol(enzyme.__unrendered__): <Header
    currentDisplay="start"
    currentMountainData={
      Object {
        "attributes": Object {
          "altitude": 14265,
          "difficulty": "Blue",
          "name": "Castle Peak",
          "range": "Elk",
          "registries": Object {
            "data": Array [],
          },
          "summit": "39.009647,-106.86144",
        },
        "id": "12",
        "type": "mountain",
      }
    }
    handleBackButton={[MockFunction]}
  />,
  Symbol(enzyme.__renderer__): Object {
    "batchedUpdates": [Function],
    "getNode": [Function],
    "render": [Function],
    "simulateError": [Function],
    "simulateEvent": [Function],
    "unmount": [Function],
  },
  Symbol(enzyme.__node__): Object {
    "instance": null,
    "key": undefined,
    "nodeType": "host",
    "props": Object {
      "children": Array [
        false,
        <h1
          className="main-title"
        >
          Summit Register
        </h1>,
        <img
          alt="logo"
          className="logo"
          src="summit-2.png"
        />,
      ],
      "className": "Header",
    },
    "ref": null,
    "rendered": Array [
      false,
      Object {
        "instance": null,
        "key": undefined,
        "nodeType": "host",
        "props": Object {
          "children": "Summit Register",
          "className": "main-title",
        },
        "ref": null,
        "rendered": "Summit Register",
        "type": "h1",
      },
      Object {
        "instance": null,
        "key": undefined,
        "nodeType": "host",
        "props": Object {
          "alt": "logo",
          "className": "logo",
          "src": "summit-2.png",
        },
        "ref": null,
        "rendered": null,
        "type": "img",
      },
    ],
    "type": "header",
  },
  Symbol(enzyme.__nodes__): Array [
    Object {
      "instance": null,
      "key": undefined,
      "nodeType": "host",
      "props": Object {
        "children": Array [
          false,
          <h1
            className="main-title"
          >
            Summit Register
          </h1>,
          <img
            alt="logo"
            className="logo"
            src="summit-2.png"
          />,
        ],
        "className": "Header",
      },
      "ref": null,
      "rendered": Array [
        false,
        Object {
          "instance": null,
          "key": undefined,
          "nodeType": "host",
          "props": Object {
            "children": "Summit Register",
            "className": "main-title",
          },
          "ref": null,
          "rendered": "Summit Register",
          "type": "h1",
        },
        Object {
          "instance": null,
          "key": undefined,
          "nodeType": "host",
          "props": Object {
            "alt": "logo",
            "className": "logo",
            "src": "summit-2.png",
          },
          "ref": null,
          "rendered": null,
          "type": "img",
        },
      ],
      "type": "header",
    },
  ],
  Symbol(enzyme.__options__): Object {
    "adapter": ReactSixteenAdapter {
      "options": Object {
        "enableComponentDidUpdateOnSetState": true,
        "lifecycles": Object {
          "componentDidUpdate": Object {
            "onSetState": true,
          },
          "getDerivedStateFromProps": true,
          "getSnapshotBeforeUpdate": true,
          "setState": Object {
            "skipsComponentDidUpdateOnNullish": true,
          },
        },
      },
    },
  },
}
`;
